Sync Audit Report - v2026.06.30
Executed: 6/7/2026, 2:40:35 PM
Exit Status: Success
==================================================

Updated storage.js to version 2026.06.30
Updated sw.js to version 2026.06.30
Updated manifest.json to version 2026.06.30
Updated maintenance.json to version 2026.06.30
Updated maintenance.json to version 2026.06.30

--- DSP Stability Audit ---
✅ Syntax check passed.
✅ DSP Audit Passed.

--- PWA Asset Audit ---
✅ All local PWA assets (including newly added HTML) verified on disk.

--- WASM Integration Audit ---
✅ pink       -> WASM integration verified.
✅ red        -> WASM integration verified.
✅ chimes     -> WASM integration verified.
✅ rain       -> WASM integration verified.
✅ ocean      -> WASM integration verified.
✅ brown      -> WASM integration verified.
✅ blue       -> WASM integration verified.
✅ violet     -> WASM integration verified.
✅ white      -> WASM integration verified.
✅ WASM Integration Audit Passed.

--- WASM Clinical Safety Audit ---
✅ fillPink   -> DC Blocker (HPF) verified.
✅ fillRed    -> DC Blocker (HPF) verified.
✅ fillRain   -> DC Blocker (HPF) verified.
✅ fillBrown  -> DC Blocker (HPF) verified.
✅ WASM Clinical Safety Audit Passed.

--- WASM Memory Audit ---
✅ Buffer Safety: outPtr (1024) is safely above max state offset (116).
✅ Offset 96  verified in both JS and WAT.
✅ Offset 100 verified in both JS and WAT.
✅ Offset 104 verified in both JS and WAT.
✅ Offset 108 verified in both JS and WAT.
✅ WASM Memory Audit Passed.

--- Peak Target Safety Audit ---
✅ white      -> Peak 0.35 is within safe bounds.
✅ pink       -> Peak 0.5 is within safe bounds.
✅ brown      -> Peak 0.65 is within safe bounds.
✅ red        -> Peak 0.75 is within safe bounds.
✅ blue       -> Peak 0.4 is within safe bounds.
✅ violet     -> Peak 0.45 is within safe bounds.
✅ rain       -> Peak 0.5 is within safe bounds.
✅ ocean      -> Peak 0.6 is within safe bounds.
✅ chimes     -> Peak 0.5 is within safe bounds.
✅ forest     -> Peak 0.5 is within safe bounds.
✅ Peak Target Safety Audit Passed.

--- Nature Sound Audit ---
✅ Verified: ./audio/rain.mp3 (10405.92KB)
✅ Verified: ./audio/ocean.mp3 (9387.59KB)
✅ Verified: ./audio/stream.mp3 (898.25KB)
✅ Verified: ./audio/wind.mp3 (538.07KB)
✅ Verified: ./audio/loud_stream.mp3 (500.71KB)
✅ Verified: ./audio/ocean_coast.mp3 (2831.86KB)
✅ Nature Sound Audit Passed.
⚠️ WARNING: 
⚠️ Skipping Audio Metadata Audit: 'music-metadata' library not found.
   To enable this check, run: npm install music-metadata@7.13.4

--- Git Automation ---
Creating recovery checkpoint: checkpoint/pre-v2026.06.30-1780857635486
Staging changes on main and creating commit...
Creating annotated tag: v2026.06.30
⚠️ WARNING: 
⚠️ Git automation skipped. (Repo not found or Git not installed)